npm notice run juan-of-bike-ia@2.0.0 build
npm notice run vite build
vite v8.1.5 building client environment for production...
[2K
transforming...[plugin rolldown:vite-resolve] Module "path" has been externalized for browser compatibility, imported by "/home/juan/AuroraIA/application/node_modules/web-tree-sitter/tree-sitter.js". See https://vite.dev/guide/troubleshooting.html#module-externalized-for-browser-compatibility for more details.
[plugin rolldown:vite-resolve] Module "fs" has been externalized for browser compatibility, imported by "/home/juan/AuroraIA/application/node_modules/web-tree-sitter/tree-sitter.js". See https://vite.dev/guide/troubleshooting.html#module-externalized-for-browser-compatibility for more details.
✓ 4448 modules transformed.
rendering chunks...
computing gzip size...
dist/assets/KaTeX_Size3-Regular-CTq5MqoE.woff                  4.42 kB
dist/assets/KaTeX_Size4-Regular-Dl5lxZxV.woff2                 4.92 kB
dist/assets/KaTeX_Size2-Regular-Dy4dx90m.woff2                 5.20 kB
dist/assets/KaTeX_Size1-Regular-mCD8mA8B.woff2                 5.46 kB
dist/assets/KaTeX_Size4-Regular-BF-4gkZK.woff                  5.98 kB
dist/assets/KaTeX_Size2-Regular-oD1tc_U0.woff                  6.18 kB
dist/assets/KaTeX_Size1-Regular-C195tn64.woff                  6.49 kB
dist/assets/KaTeX_Caligraphic-Regular-Di6jR-x-.woff2           6.90 kB
dist/assets/KaTeX_Caligraphic-Bold-Dq_IR9rO.woff2              6.91 kB
dist/assets/KaTeX_Size3-Regular-DgpXs0kz.ttf                   7.58 kB
dist/assets/KaTeX_Caligraphic-Regular-CTRA-rTL.woff            7.65 kB
dist/assets/KaTeX_Caligraphic-Bold-BEiXGLvX.woff               7.71 kB
dist/index.html                                                7.71 kB │ gzip:   2.64 kB
dist/assets/KaTeX_Script-Regular-D3wIWfF6.woff2                9.64 kB
dist/assets/KaTeX_SansSerif-Regular-DDBCnlJ7.woff2            10.34 kB
dist/assets/KaTeX_Size4-Regular-DWFBv043.ttf                  10.36 kB
dist/assets/KaTeX_Script-Regular-D5yQViql.woff                10.58 kB
dist/assets/KaTeX_Fraktur-Regular-CTYiF6lA.woff2              11.31 kB
dist/assets/KaTeX_Fraktur-Bold-CL6g_b3V.woff2                 11.34 kB
dist/assets/KaTeX_Size2-Regular-B7gKUWhC.ttf                  11.50 kB
dist/assets/KaTeX_SansSerif-Italic-C3H0VqGB.woff2             12.02 kB
dist/assets/KaTeX_SansSerif-Bold-D1sUS0GD.woff2               12.21 kB
dist/assets/KaTeX_Size1-Regular-Dbsnue_I.ttf                  12.22 kB
dist/assets/KaTeX_SansSerif-Regular-CS6fqUqJ.woff             12.31 kB
dist/assets/KaTeX_Caligraphic-Regular-wX97UBjC.ttf            12.34 kB
dist/assets/KaTeX_Caligraphic-Bold-ATXxdsX0.ttf               12.36 kB
dist/assets/KaTeX_Fraktur-Regular-Dxdc4cR9.woff               13.20 kB
dist/assets/KaTeX_Fraktur-Bold-BsDP51OF.woff                  13.29 kB
dist/assets/KaTeX_Typewriter-Regular-CO6r4hn1.woff2           13.56 kB
dist/assets/KaTeX_SansSerif-Italic-DN2j7dab.woff              14.11 kB
dist/assets/KaTeX_SansSerif-Bold-DbIhKOiC.woff                14.40 kB
dist/assets/KaTeX_Typewriter-Regular-C0xS9mPB.woff            16.02 kB
dist/assets/KaTeX_Math-BoldItalic-CZnvNsCZ.woff2              16.40 kB
dist/assets/KaTeX_Math-Italic-t53AETM-.woff2                  16.44 kB
dist/assets/KaTeX_Script-Regular-C5JkGWo-.ttf                 16.64 kB
dist/assets/KaTeX_Main-BoldItalic-DxDJ3AOS.woff2              16.78 kB
dist/assets/KaTeX_Main-Italic-NWA7e6Wa.woff2                  16.98 kB
dist/assets/KaTeX_Math-BoldItalic-iY-2wyZ7.woff               18.66 kB
dist/assets/KaTeX_Math-Italic-DA0__PXp.woff                   18.74 kB
dist/assets/KaTeX_Main-BoldItalic-SpSLRI95.woff               19.41 kB
dist/assets/KaTeX_SansSerif-Regular-BNo7hRIc.ttf              19.43 kB
dist/assets/KaTeX_Fraktur-Regular-CB_wures.ttf                19.57 kB
dist/assets/KaTeX_Fraktur-Bold-BdnERNNW.ttf                   19.58 kB
dist/assets/KaTeX_Main-Italic-BMLOBm91.woff                   19.67 kB
dist/assets/KaTeX_SansSerif-Italic-YYjJ1zSn.ttf               22.36 kB
dist/assets/KaTeX_SansSerif-Bold-CFMepnvq.ttf                 24.50 kB
dist/assets/KaTeX_Main-Bold-Cx986IdX.woff2                    25.32 kB
dist/assets/KaTeX_Main-Regular-B22Nviop.woff2                 26.27 kB
dist/assets/KaTeX_Typewriter-Regular-D3Ib7_Hf.ttf             27.55 kB
dist/assets/KaTeX_AMS-Regular-BQhdFMY1.woff2                  28.07 kB
dist/assets/KaTeX_Main-Bold-Jm3AIy58.woff                     29.91 kB
dist/assets/KaTeX_Main-Regular-Dr94JaBh.woff                  30.77 kB
dist/assets/KaTeX_Math-BoldItalic-B3XSjfu4.ttf                31.19 kB
dist/assets/KaTeX_Math-Italic-flOr_0UB.ttf                    31.30 kB
dist/assets/KaTeX_Main-BoldItalic-DzxPMmG6.ttf                32.96 kB
dist/assets/KaTeX_AMS-Regular-DMm9YOAa.woff                   33.51 kB
dist/assets/KaTeX_Main-Italic-3WenGoN9.ttf                    33.58 kB
dist/assets/KaTeX_Main-Bold-waoOVXN0.ttf                      51.33 kB
dist/assets/KaTeX_Main-Regular-ypZvNtVU.ttf                   53.58 kB
dist/assets/KaTeX_AMS-Regular-DRggAlZN.ttf                    63.63 kB
dist/assets/tree-sitter-Bv_FbDWE.wasm                        186.52 kB │ gzip:  75.90 kB
dist/assets/tree-sitter-go-U2rTaih5.wasm                     235.95 kB │ gzip:  52.41 kB
dist/assets/tree-sitter-java-Ba52ZMdq.wasm                   430.23 kB │ gzip:  56.99 kB
dist/assets/tree-sitter-python-cGXEcG0A.wasm                 476.10 kB │ gzip:  73.74 kB
dist/assets/tree-sitter-javascript-CgNCF_LE.wasm             647.33 kB │ gzip:  80.97 kB
dist/assets/tree-sitter-c-DdltZG6c.wasm                      792.95 kB │ gzip:  95.87 kB
dist/assets/tree-sitter-rust-BKz9L6EP.wasm                   818.75 kB │ gzip: 102.28 kB
dist/assets/tree-sitter-dart-sTABK2Fr.wasm                   984.66 kB │ gzip: 105.82 kB
dist/assets/pdf.worker-xSiVJ7U_.mjs                        2,186.23 kB
dist/assets/tree-sitter-typescript-CJTR_Zg_.wasm           2,342.69 kB │ gzip: 219.46 kB
dist/assets/tree-sitter-tsx-P8oI32W_.wasm                  2,411.27 kB │ gzip: 225.73 kB
dist/assets/tree-sitter-swift-DL346Du8.wasm                3,147.87 kB │ gzip: 312.22 kB
dist/assets/tree-sitter-kotlin-DhvzUDtb.wasm               4,052.70 kB │ gzip: 331.62 kB
dist/assets/tree-sitter-cpp-ChzgvAuy.wasm                  4,662.97 kB │ gzip: 424.64 kB
dist/assets/AuroraV3CodeView-CAnjUojb.css                      2.78 kB │ gzip:   0.83 kB
dist/assets/MarkdownPro-CaH0jbfC.css                          28.84 kB │ gzip:   7.92 kB
dist/assets/AuroraV4AppShell-CMa3GrnO.css                     67.84 kB │ gzip:  10.17 kB
dist/assets/manga-theme-B1rVI0os.css                         276.02 kB │ gzip:  39.08 kB
dist/assets/index-ncc1TQdq.css                               348.73 kB │ gzip:  47.21 kB
dist/assets/pdf.worker-DYsRRrim.js                             0.06 kB │ gzip:   0.08 kB
dist/assets/dist-js-Drdm5O7s.js                                0.16 kB │ gzip:   0.15 kB
dist/assets/codeIntentSignalUtils-T4hkfnn1.js                  0.37 kB │ gzip:   0.26 kB
dist/assets/moduleDraftsStore-DWUQvh8b.js                      0.42 kB │ gzip:   0.26 kB
dist/assets/core-DC4Hwzno.js                                   0.43 kB │ gzip:   0.26 kB
dist/assets/llmTimebox-YP6Wu_O9.js                             0.43 kB │ gzip:   0.30 kB
dist/assets/useIsMobile-C5Ra3bDS.js                            0.49 kB │ gzip:   0.28 kB
dist/assets/docxExtract-BgARUdg7.js                            0.63 kB │ gzip:   0.35 kB
dist/assets/streak-DjvebuSD.js                                 0.71 kB │ gzip:   0.43 kB
dist/assets/codeModelResidency-l7sePGCq.js                     0.82 kB │ gzip:   0.57 kB
dist/assets/modelJson-DEU3hLeJ.js                              0.82 kB │ gzip:   0.43 kB
dist/assets/ephemeralToolRunner-DJobJAX3.js                    0.92 kB │ gzip:   0.52 kB
dist/assets/SidebarPersona-BMh1pdlu.js                         1.02 kB │ gzip:   0.61 kB
dist/assets/useFileDrop-CJfyTtqW.js                            1.03 kB │ gzip:   0.53 kB
dist/assets/moduleFileExchange-CzNLQ0Ie.js                     1.05 kB │ gzip:   0.63 kB
dist/assets/codePromptHints-BaSgl-Ae.js                        1.11 kB │ gzip:   0.62 kB
dist/assets/cyberOutputManager-DHfgPRmD.js                     1.13 kB │ gzip:   0.68 kB
dist/assets/codeWebResearchClient-DQJfFS7X.js                  1.16 kB │ gzip:   0.65 kB
dist/assets/pythonClient-DNlAb1tW.js                           1.24 kB │ gzip:   0.53 kB
dist/assets/blobStore-D4qKAZCt.js                              1.25 kB │ gzip:   0.61 kB
dist/assets/rolldown-runtime-DAXXjFlN.js                       1.26 kB │ gzip:   0.70 kB
dist/assets/errors-D5gjF2jJ.js                                 1.36 kB │ gzip:   0.78 kB
dist/assets/codeArchitecturePlanEntryContract-Dj2I4_l5.js      1.37 kB │ gzip:   0.74 kB
dist/assets/codeProjectWriter-AVkdzhTW.js                      1.38 kB │ gzip:   0.71 kB
dist/assets/backup-CMemtm87.js                                 1.41 kB │ gzip:   0.79 kB
dist/assets/runtime-BynmkVsf.js                                1.46 kB │ gzip:   0.78 kB
dist/assets/FightCloudBadge-B7dst6tr.js                        1.49 kB │ gzip:   0.90 kB
dist/assets/pdfExtract-Ctj_0oJt.js                             1.56 kB │ gzip:   0.79 kB
dist/assets/codeSubjectAssets-DG1WgJo6.js                      1.63 kB │ gzip:   0.80 kB
dist/assets/VoicePushToTalk-hVhjDy6A.js                        1.64 kB │ gzip:   0.92 kB
dist/assets/gamificationStore-c9ucvhCf.js                      1.65 kB │ gzip:   0.81 kB
dist/assets/notificationBus-BWv58vYI.js                        1.67 kB │ gzip:   0.75 kB
dist/assets/Sparkline-C-SX5Cxo.js                              1.95 kB │ gzip:   0.90 kB
dist/assets/bacResources-BPfr1RCd.js                           1.97 kB │ gzip:   1.00 kB
dist/assets/FavoriteButton-Ar2MlReS.js                         2.01 kB │ gzip:   1.06 kB
dist/assets/voiceCommands-DNkMYUUm.js                          2.09 kB │ gzip:   1.02 kB
dist/assets/upscaleImage-D95Ss-Y6.js                           2.16 kB │ gzip:   1.11 kB
dist/assets/state-B0fHeNB8.js                                  2.32 kB │ gzip:   1.17 kB
dist/assets/textFileExtract-rx7N7TW_.js                        2.36 kB │ gzip:   1.10 kB
dist/assets/blenderBridge-WhIbA0W3.js                          2.39 kB │ gzip:   0.84 kB
dist/assets/exportForgeBundle-DW-LwTnr.js                      2.47 kB │ gzip:   1.28 kB
dist/assets/AcademyTable-BpZNtfOq.js                           2.62 kB │ gzip:   1.14 kB
dist/assets/pythonJobClient-CMx242wJ.js                        2.70 kB │ gzip:   1.31 kB
dist/assets/AcademyMindMap-kTZDbq0F.js                         2.79 kB │ gzip:   1.48 kB
dist/assets/codeToolingLoop-CJaowKC2.js                        2.79 kB │ gzip:   1.39 kB
dist/assets/PomodoroTimer-BrRuFRWD.js                          2.79 kB │ gzip:   1.20 kB
dist/assets/codeArchitecturePlanFallback-NfY0_oHl.js           2.79 kB │ gzip:   1.33 kB
dist/assets/meshPostprocess-CSoMUv3X.js                        2.80 kB │ gzip:   1.27 kB
dist/assets/ProgressStats-Ci5tyOX0.js                          2.88 kB │ gzip:   1.09 kB
dist/assets/pixelArtEnforcer-CZwIGkHX.js                       2.93 kB │ gzip:   1.41 kB
dist/assets/CyberWeeklyChallenges-CBU5npQS.js                  2.99 kB │ gzip:   1.43 kB
dist/assets/webActionAgent-DbH5P104.js                         3.04 kB │ gzip:   1.54 kB
dist/assets/chatStore-Bi8WHRHt.js                              3.09 kB │ gzip:   1.10 kB
dist/assets/codeSemanticIntentGuard-CUee-UZz.js                3.13 kB │ gzip:   1.44 kB
dist/assets/randomCreativePrompts-DRTsvm-j.js                  3.15 kB │ gzip:   1.68 kB
dist/assets/WeeklyChallenges-ClxOvwZD.js                       3.30 kB │ gzip:   1.60 kB
dist/assets/LeitnerReviewPanel-BE-MGaa2.js                     3.31 kB │ gzip:   1.29 kB
dist/assets/react-dom-y8TyP6eY.js                              3.58 kB │ gzip:   1.36 kB
dist/assets/dailyTip-C8GhIDuR.js                               3.67 kB │ gzip:   1.84 kB
dist/assets/coworkSessionStore-6ObpeGfn.js                     3.75 kB │ gzip:   1.19 kB
dist/assets/exportPdf-DRDhf9hg.js                              3.96 kB │ gzip:   1.70 kB
dist/assets/Roster-DSa5Wbqm.js                                 3.99 kB │ gzip:   1.97 kB
dist/assets/codeDesignDirectives-D4WpS1Cd.js                   4.02 kB │ gzip:   1.85 kB
dist/assets/SessionSwitcher-Ca_oOvKF.js                        4.06 kB │ gzip:   1.49 kB
dist/assets/codeSemanticIntentClassifier-CZtHm8fX.js           4.10 kB │ gzip:   1.80 kB
dist/assets/imageDownload-CSnIRbr1.js                          4.11 kB │ gzip:   1.68 kB
dist/assets/academicContentVerification-C5nFq0JX.js            4.30 kB │ gzip:   1.98 kB
dist/assets/InlineModelViewer-BH327UTU.js                      4.42 kB │ gzip:   2.10 kB
dist/assets/entAdapters-av_ICwrj.js                            4.42 kB │ gzip:   1.59 kB
dist/assets/labAssistant-CD_BnyNJ.js                           4.43 kB │ gzip:   2.19 kB
dist/assets/moduleHistoryStore-BvnCtq6S.js                     4.50 kB │ gzip:   1.48 kB
dist/assets/InpaintingPanel-KkJsbHSr.js                        4.51 kB │ gzip:   1.99 kB
dist/assets/exportAnki-COpyiDzV.js                             4.76 kB │ gzip:   2.16 kB
dist/assets/models-BIBxhXAF.js                                 4.77 kB │ gzip:   1.86 kB
dist/assets/codeReasoningEngine-BQPJNpLs.js                    4.91 kB │ gzip:   2.29 kB
dist/assets/codeProjectTree-DhEnBYPl.js                        4.92 kB │ gzip:   2.02 kB
dist/assets/slashCommands-DNUUfL9s.js                          4.94 kB │ gzip:   2.26 kB
dist/assets/multimodalContext-9oU1ynEN.js                      5.12 kB │ gzip:   2.29 kB
dist/assets/codeResearch-BJRoY3Pv.js                           5.16 kB │ gzip:   2.26 kB
dist/assets/VoiceLandscape-BBjzA8pS.js                         5.19 kB │ gzip:   1.72 kB
dist/assets/ParcoursBankDrawer-Bou4xHsJ.js                     5.52 kB │ gzip:   2.10 kB
dist/assets/codeStructuralAnalysis-jYAq_U1D.js                 5.54 kB │ gzip:   2.10 kB
dist/assets/realityAnalyzer-Ni_UKiIS.js                        5.84 kB │ gzip:   2.50 kB
dist/assets/modelContext-BpLZ9DOt.js                           6.08 kB │ gzip:   2.58 kB
dist/assets/AcademyFlashcards-B0da3I61.js                      6.24 kB │ gzip:   2.08 kB
dist/assets/entCredentialBridge-DhJKk5Nf.js                    6.28 kB │ gzip:   2.29 kB
dist/assets/bacInspirationDb-CCAvHlJf.js                       6.29 kB │ gzip:   2.40 kB
dist/assets/AuroraV3CodeView-B9P989VY.js                       7.17 kB │ gzip:   3.08 kB
dist/assets/AuroraV3AcademyView-Cba9mkq2.js                    7.24 kB │ gzip:   2.94 kB
dist/assets/AuroraV1VoiceView-BmBvnXJp.js                      7.33 kB │ gzip:   2.96 kB
dist/assets/AuroraV33DView-B1jJjTZW.js                         7.40 kB │ gzip:   2.92 kB
dist/assets/appStore-dm7nyANi.js                               7.41 kB │ gzip:   2.48 kB
dist/assets/SoarPlaybookLab-DdZAGZZX.js                        7.44 kB │ gzip:   2.85 kB
dist/assets/ApiEmbedPanel-CwKSOU6i.js                          7.82 kB │ gzip:   3.00 kB
dist/assets/EbpfKernelLab-VOebuD-J.js                          8.25 kB │ gzip:   3.30 kB
dist/assets/auroraExtensionBridge-Bq_auFMa.js                  8.28 kB │ gzip:   2.90 kB
dist/assets/AuroraSphereV1-DeMibXRm.js                         8.33 kB │ gzip:   3.56 kB
dist/assets/AuroraV3VoiceView-DsZQVymQ.js                      8.54 kB │ gzip:   3.21 kB
dist/assets/ExamBlancPanel-D2rGf5Ww.js                         9.02 kB │ gzip:   3.64 kB
dist/assets/useChatViewLogic-DoaTfR91.js                       9.27 kB │ gzip:   4.25 kB
dist/assets/codeDesignResearch-BxJQ87T8.js                     9.37 kB │ gzip:   3.79 kB
dist/assets/AuroraV4AppShell-kPyeaH7L.js                       9.94 kB │ gzip:   3.75 kB
dist/assets/ollamaResilience-C6T_A2xl.js                      10.01 kB │ gzip:   3.75 kB
dist/assets/learningResearch-a8_FCe1r.js                      10.05 kB │ gzip:   4.11 kB
dist/assets/referenceVisualResearch-DE1uCxO6.js               10.52 kB │ gzip:   3.89 kB
dist/assets/SymbolicExecutionLab-C5WPiwG-.js                  10.78 kB │ gzip:   3.63 kB
dist/assets/AuroraAgentScene-C1q_8AnB.js                      11.06 kB │ gzip:   2.67 kB
dist/assets/AttackGraphLab-VlCmCMXA.js                        11.14 kB │ gzip:   3.90 kB
dist/assets/AuroraV3DrawingView-epP9S_Ts.js                   11.22 kB │ gzip:   3.48 kB
dist/assets/codePreflight-B66YVHuI.js                         11.37 kB │ gzip:   4.12 kB
dist/assets/BinaryDisassemblyLab-BVwJnB79.js                  11.47 kB │ gzip:   3.42 kB
dist/assets/MangaDrawingView-BkUrLHvb.js                      12.57 kB │ gzip:   4.62 kB
dist/assets/coworkSettings-D44c14mG.js                        12.63 kB │ gzip:   6.22 kB
dist/assets/builtinLabs-D0wIMZsI.js                           12.81 kB │ gzip:   4.97 kB
dist/assets/codeOutputIntelligent-BrECq4D2.js                 13.41 kB │ gzip:   5.37 kB
dist/assets/codeGenerationQueue-Dr6j2pAO.js                   13.60 kB │ gzip:   5.16 kB
dist/assets/visionService-Bdfe8R-t.js                         13.72 kB │ gzip:   5.63 kB
dist/assets/forgeQueueStore-CzOGjVbT.js                       14.66 kB │ gzip:   5.83 kB
dist/assets/AuroraV1MobileShell-CCBMzm4Y.js                   14.73 kB │ gzip:   4.79 kB
dist/assets/useDrawingViewLogic-D7UbsSMy.js                   14.98 kB │ gzip:   6.02 kB
dist/assets/DeepReasoningLab-Bsm98zHd.js                      15.95 kB │ gzip:   5.98 kB
dist/assets/ForensicsLab-_04wL65m.js                          16.41 kB │ gzip:   5.44 kB
dist/assets/WebAuditorLab-B9uCEP20.js                         16.68 kB │ gzip:   4.87 kB
dist/assets/AutonomousInvestigatorLab-B2yxncB1.js             16.72 kB │ gzip:   5.93 kB
dist/assets/AuroraV3MobileShell-DakD1RUm.js                   17.10 kB │ gzip:   5.20 kB
dist/assets/AuroraV3ImageView-BO7Tp_Ne.js                     17.15 kB │ gzip:   4.82 kB
dist/assets/codeStreamStore-vuKe7wpS.js                       17.38 kB │ gzip:   6.35 kB
dist/assets/AuroraV1DrawingView-DWzOAyTC.js                   17.49 kB │ gzip:   5.12 kB
dist/assets/WarRoomLab-CptCBp3e.js                            17.53 kB │ gzip:   6.09 kB
dist/assets/DynamicZeroDayLab-DuydVF_t.js                     18.09 kB │ gzip:   6.67 kB
dist/assets/index.dom-oprlIAQz.js                             18.27 kB │ gzip:   6.23 kB
dist/assets/mascots-Bjq8HFr9.js                               18.41 kB │ gzip:   5.46 kB
dist/assets/AcademyTutorPanel-B026yawu.js                     18.68 kB │ gzip:   6.89 kB
dist/assets/MangaImageView-CxxSfqs7.js                        18.90 kB │ gzip:   6.90 kB
dist/assets/imagePromptParser-N6ZDqbdH.js                     18.99 kB │ gzip:   6.33 kB
dist/assets/TextPreviewExpander-C-QNo8BA.js                   19.73 kB │ gzip:   5.37 kB
dist/assets/ZeroDayLab-FOmApqAY.js                            20.92 kB │ gzip:   6.98 kB
dist/assets/NetworkLab-Cuift9sr.js                            21.56 kB │ gzip:   5.74 kB
dist/assets/fluxWorkflow-rL3gWSHP.js                          21.68 kB │ gzip:   7.96 kB
dist/assets/AuroraV13DView-CeGBKppq.js                        21.84 kB │ gzip:   7.05 kB
dist/assets/codeSandbox-BMMnHRmT.js                           22.58 kB │ gzip:   9.01 kB
dist/assets/CharacterForgeOverlay-B33G0Ftj.js                 22.67 kB │ gzip:   7.28 kB
dist/assets/AuroraV3ChatView-DmMR3CcQ.js                      23.43 kB │ gzip:   7.96 kB
dist/assets/AchievementsPanel-CvHGNvxk.js                     23.47 kB │ gzip:   6.13 kB
dist/assets/useAchievementToasts-DOOyX3k0.js                  24.47 kB │ gzip:   5.65 kB
dist/assets/ThreatIntelLab-Bk3LPnwU.js                        25.81 kB │ gzip:  10.02 kB
dist/assets/codeMissionControl-BIzCAM77.js                    26.59 kB │ gzip:   9.59 kB
dist/assets/MangaCyberView-OBvhPuZY.js                        26.64 kB │ gzip:  10.33 kB
dist/assets/WebSecLab-DC5A7rxW.js                             26.73 kB │ gzip:   8.18 kB
dist/assets/MangaChatView-Co4TshqD.js                         27.53 kB │ gzip:   9.69 kB
dist/assets/useTauri-CZB-hRX1.js                              28.09 kB │ gzip:   9.26 kB
dist/assets/AuroraV1ImageView-ChQY9s-k.js                     29.34 kB │ gzip:   7.70 kB
dist/assets/codeSandboxWorkspace-D6StHpEu.js                  29.56 kB │ gzip:  10.35 kB
dist/assets/AuroraV1ChatView-D9GlsLZ9.js                      32.56 kB │ gzip:   9.58 kB
dist/assets/useCyberViewLogic-BqcjZxOg.js                     34.62 kB │ gzip:  14.08 kB
dist/assets/AuroraV4DrawingView-CZD3DsNr.js                   35.37 kB │ gzip:   9.27 kB
dist/assets/MobileGrimoire-ByOH814h.js                        37.06 kB │ gzip:  11.73 kB
dist/assets/react-C8-1GxK9.js                                 39.73 kB │ gzip:  14.28 kB
dist/assets/AuroraV4ChatView-hWnCHbVA.js                      43.38 kB │ gzip:  12.80 kB
dist/assets/AuroraCoworkView-C1l12DzE.js                      44.92 kB │ gzip:  13.59 kB
dist/assets/AuroraV4ImageView-CHicqdew.js                     45.86 kB │ gzip:  11.59 kB
dist/assets/speakify-DpwaDW4v.js                              46.19 kB │ gzip:  17.70 kB
dist/assets/AuroraV1CyberView-DSWUfdZn.js                     48.10 kB │ gzip:  12.29 kB
dist/assets/icons-DPTL8Jjy.js                                 48.45 kB │ gzip:  15.69 kB
dist/assets/VoiceReplicationStudio-Czlg5AfV.js                49.81 kB │ gzip:  11.21 kB
dist/assets/academyStore-DLG_EeOZ.js                          50.39 kB │ gzip:  21.31 kB
dist/assets/avatars-BBE9u5od.js                               53.97 kB │ gzip:  13.56 kB
dist/assets/AuroraV4AcademyView-BD98WmIi.js                   56.23 kB │ gzip:  14.28 kB
dist/assets/useAcademyViewLogic-C1GW2ta6.js                   56.24 kB │ gzip:  22.70 kB
dist/assets/GenerationFxHost-n6Vp0L8y.js                      57.67 kB │ gzip:  19.45 kB
dist/assets/AuroraV1AcademyView-D8BCMUj7.js                   66.19 kB │ gzip:  15.04 kB
dist/assets/AuroraV1CodeView-BlcvTLZS.js                      68.85 kB │ gzip:  19.90 kB
dist/assets/codeIntentClassification-mFFjTLWx.js              71.71 kB │ gzip:  23.27 kB
dist/assets/tree-sitter-BmNrR7oH.js                           72.31 kB │ gzip:  16.76 kB
dist/assets/MangaAcademyView-CjNRbnNP.js                      72.63 kB │ gzip:  24.84 kB
dist/assets/AuroraV4CyberView-BXAwdaI3.js                     82.10 kB │ gzip:  21.57 kB
dist/assets/three-extras-CQYbmy_0.js                          87.92 kB │ gzip:  25.30 kB
dist/assets/taskIntelligence-DNFf4TBb.js                      91.03 kB │ gzip:  30.56 kB
dist/assets/jszip.min-DldKmmbL.js                             95.87 kB │ gzip:  28.45 kB
dist/assets/useImageViewLogic-BlkLwrUn.js                    106.31 kB │ gzip:  37.37 kB
dist/assets/ParcoursActiveSession-BF_0-D7x.js                116.59 kB │ gzip:  31.77 kB
dist/assets/motion-C91AvrDU.js                               124.74 kB │ gzip:  40.75 kB
dist/assets/lib-DSPbaFtD.js                                  135.44 kB │ gzip:  39.79 kB
dist/assets/CodeView-C2HLMhJx.js                             145.27 kB │ gzip:  42.93 kB
dist/assets/threeDIntent-BmvvvuFT.js                         152.75 kB │ gzip:  50.35 kB
dist/assets/coworkConnectors-Bm1Eqbme.js                     169.57 kB │ gzip:  44.13 kB
dist/assets/ModelView-obuROzEB.js                            221.17 kB │ gzip:  70.08 kB
dist/assets/MarkdownPro-DIXTTV0y.js                          278.77 kB │ gzip:  82.55 kB
dist/assets/VoiceCopilotView-Ds9lA1Ho.js                     365.73 kB │ gzip: 103.08 kB
dist/assets/codeOrchestrator-CAceMAz0.js                     378.63 kB │ gzip: 134.09 kB
dist/assets/lib-CYgkXDkY.js                                  401.46 kB │ gzip:  97.61 kB
dist/assets/pdf-DwL1nUAl.js                                  405.09 kB │ gzip: 120.78 kB
dist/assets/CodeMirrorViewer-BCIYOlW7.js                     437.07 kB │ gzip: 154.11 kB
dist/assets/CodeBlock-BHpYBykL.js                            621.00 kB │ gzip: 225.33 kB
dist/assets/index-y1Ns5q8b.js                                851.40 kB │ gzip: 259.79 kB
dist/assets/r3drei-CUM53Pss.js                               892.45 kB │ gzip: 238.44 kB

[33m[EVAL] [0mUse of direct `eval` function is strongly discouraged as it poses security risks and may cause issues with minification.
 - Use of direct `eval` here. in node_modules/web-tree-sitter/tree-sitter.js at 16886..16890
 [38;5;240m │[0m
 [38;5;240m │[0m [38;5;115mHelp[0m: Consider using indirect eval. For more information, check the documentation: https://rolldown.rs/guide/troubleshooting#avoiding-direct-eval

[33m[INEFFECTIVE_DYNAMIC_IMPORT] [0msrc/services/coworkExecutor.ts is dynamically imported by src/components/CoworkOverlay.tsx but also statically imported by src/services/coworkPipeline.ts, dynamic import will not move module into another chunk.

[33m[INEFFECTIVE_DYNAMIC_IMPORT] [0msrc/services/coworkBrowserDetect.ts is dynamically imported by src/App.tsx but also statically imported by src/components/CoworkSettingsDialog.tsx, dynamic import will not move module into another chunk.

✓ built in 1.77s
