test_completion_updates_status_and_elapsed_time (__main__.MissionEventTests.test_completion_updates_status_and_elapsed_time) ... FAIL
test_error_records_failure_for_both_error_fields (__main__.MissionEventTests.test_error_records_failure_for_both_error_fields) ...
  test_error_records_failure_for_both_error_fields (__main__.MissionEventTests.test_error_records_failure_for_both_error_fields) (field='error') ... FAIL
  test_error_records_failure_for_both_error_fields (__main__.MissionEventTests.test_error_records_failure_for_both_error_fields) (field='message') ... FAIL
test_late_events_do_not_reopen_completed_mission (__main__.MissionEventTests.test_late_events_do_not_reopen_completed_mission) ... FAIL
test_malformed_event_is_not_added_to_stream (__main__.MissionEventTests.test_malformed_event_is_not_added_to_stream) ... FAIL
test_terminal_stream_closes_without_heartbeat (__main__.MissionEventTests.test_terminal_stream_closes_without_heartbeat) ... FAIL

======================================================================
FAIL: test_completion_updates_status_and_elapsed_time (__main__.MissionEventTests.test_completion_updates_status_and_elapsed_time)
----------------------------------------------------------------------
Traceback (most recent call last):
  File "/home/juan/AuroraIA/application/test_cli_mission_events.py", line 50, in test_completion_updates_status_and_elapsed_time
    self.assertEqual(self.mission['status'], 'completed')
AssertionError: 'planning' != 'completed'
- planning
+ completed


======================================================================
FAIL: test_error_records_failure_for_both_error_fields (__main__.MissionEventTests.test_error_records_failure_for_both_error_fields) (field='error')
----------------------------------------------------------------------
Traceback (most recent call last):
  File "/home/juan/AuroraIA/application/test_cli_mission_events.py", line 62, in test_error_records_failure_for_both_error_fields
    self.assertEqual(self.mission['status'], 'failed')
AssertionError: 'planning' != 'failed'
- planning
+ failed


======================================================================
FAIL: test_error_records_failure_for_both_error_fields (__main__.MissionEventTests.test_error_records_failure_for_both_error_fields) (field='message')
----------------------------------------------------------------------
Traceback (most recent call last):
  File "/home/juan/AuroraIA/application/test_cli_mission_events.py", line 62, in test_error_records_failure_for_both_error_fields
    self.assertEqual(self.mission['status'], 'failed')
AssertionError: 'planning' != 'failed'
- planning
+ failed


======================================================================
FAIL: test_late_events_do_not_reopen_completed_mission (__main__.MissionEventTests.test_late_events_do_not_reopen_completed_mission)
----------------------------------------------------------------------
Traceback (most recent call last):
  File "/home/juan/AuroraIA/application/test_cli_mission_events.py", line 82, in test_late_events_do_not_reopen_completed_mission
    self.assertEqual(self.mission['status'], 'completed')
AssertionError: 'planning' != 'completed'
- planning
+ completed


======================================================================
FAIL: test_malformed_event_is_not_added_to_stream (__main__.MissionEventTests.test_malformed_event_is_not_added_to_stream)
----------------------------------------------------------------------
Traceback (most recent call last):
  File "/home/juan/AuroraIA/application/test_cli_mission_events.py", line 78, in test_malformed_event_is_not_added_to_stream
    self.assertEqual(self.mission['events'], [{'type': 'token', 'content': 'valid'}])
AssertionError: Lists differ: [None, [], {}, {'type': []}, {'type': 'token', 'content': 'valid'}] != [{'type': 'token', 'content': 'valid'}]

First differing element 0:
None
{'type': 'token', 'content': 'valid'}

First list contains 4 additional elements.
First extra element 1:
[]

- [None, [], {}, {'type': []}, {'content': 'valid', 'type': 'token'}]
+ [{'content': 'valid', 'type': 'token'}]

======================================================================
FAIL: test_terminal_stream_closes_without_heartbeat (__main__.MissionEventTests.test_terminal_stream_closes_without_heartbeat)
----------------------------------------------------------------------
Traceback (most recent call last):
  File "/home/juan/AuroraIA/application/test_cli_mission_events.py", line 70, in test_terminal_stream_closes_without_heartbeat
    chunks = list(response.response)
             ^^^^^^^^^^^^^^^^^^^^^^^
  File "/home/juan/AuroraIA/application/.venv/lib/python3.12/site-packages/flask/helpers.py", line 132, in generator
    yield from gen
  File "/home/juan/AuroraIA/application/routes/cli_bp_routes.py", line 1142, in generate
    _time.sleep(0.5)
  File "/usr/lib/python3.12/unittest/mock.py", line 1134, in __call__
    return self._mock_call(*args, **kwargs)
           ^^^^^^^^^^^^^^^^^^^^^^^^^^^^^^^^
  File "/usr/lib/python3.12/unittest/mock.py", line 1138, in _mock_call
    return self._execute_mock_call(*args, **kwargs)
           ^^^^^^^^^^^^^^^^^^^^^^^^^^^^^^^^^^^^^^^^
  File "/usr/lib/python3.12/unittest/mock.py", line 1193, in _execute_mock_call
    raise effect
AssertionError: stream did not terminate

----------------------------------------------------------------------
Ran 5 tests in 2.012s

FAILED (failures=6)
[BRIDGE] IPC msg received for mission fixture
[BRIDGE] IPC msg received for mission fixture
[BRIDGE] IPC msg received for mission fixture
[BRIDGE] IPC msg received for mission fixture
[BRIDGE] IPC msg received for mission fixture
[BRIDGE] IPC msg received for mission fixture
[BRIDGE] IPC msg received for mission fixture
[BRIDGE] IPC msg received for mission fixture
[BRIDGE] IPC msg received for mission fixture
[BRIDGE] IPC msg received for mission fixture
[BRIDGE] IPC msg received for mission fixture
